User@DINUKA ~
$ cal
      May 2025
Su Mo Tu We Th Fr Sa
             1  2  3
 4  5  6  7  8  9 10
11 12 13 14 15 16 17
18 19 20 21 22 23 24
25 26 27 28 29 30 31


User@DINUKA ~
$ date +%d
18

User@DINUKA ~
$ date
Sun May 18 16:31:45 +0530 2025

User@DINUKA ~
$ touch ex1.sh

User@DINUKA ~
$ vi ex1.sh
echo "Enter your name:"                   # Prompt the user to enter their name
read name                                 # Read and store the name                
echo "Enter the marks for subject1:"      # Prompt for subject 1 mark 
read sub1                                 # Read subject 1 mark
echo "Enter the marks for subject2:"      # Prompt for subject 2 mark
read sub2                                 # Read subject 2 mark
echo "Enter the marks for subject3:"      # Prompt for subject 3 mark
read sub3                                 # Read subject 3 mark
total=$((sub1+sub2+sub3))                 # Calculate total
average=$((total/3))                      # Calculate average
echo "Total:$total"                       # Display total 
echo "Average:$average"                   # Display average

User@DINUKA ~
$ chmod 777 ex1.sh

User@DINUKA ~
$ ./ex1.sh
Enter your name:
dinuka
Enter the marks for subject1:
85
Enter the marks for subject2:
78
Enter the marks for subject3:
75
Total:238
Average:79

User@DINUKA ~
$ touch calculator.sh

User@DINUKA ~
$ vi calculator.sh
E1187: Failed to source defaults.vim
Press ENTER or type command to continue

echo "Enter the first number:"         # Prompt user to enter te first number
read num1                              # Read and store first number
echo "Enter the second number:"        # Prompt user to enter the second number
read num2                              # Read and store second number
sum=$((num1+num2))                     # Summation
sub=$((num1-num2))                     # Subtraction
div=$((num1/num2))                     # Division
mul=$((num1*num2))                     # Multiplication
echo "Summation:$sum"                  # Display Summation
echo "Subtraction:$sub"                # Display Subtraction
echo "Division:$div"                   # Display Division
echo "Multiplication:$mul"             # Display Multiplication

User@DINUKA ~
$ chmod 777 calculator.sh

User@DINUKA ~
$ ./calculator.sh
Enter the first number:
57
Enter the second number:
5
Summation:62
Subtraction:52
Division:11
Multiplication:285

User@DINUKA ~
$ touch ex4.sh

User@DINUKA ~
$ vi ex4.sh
E1187: Failed to source defaults.vim
Press ENTER or type command to continue

echo "Enter the number:"                   # Prompt usert to enter a number
read num                                   # Read and store that number
case $num in                               # Use case to determine the day
  1) echo "Monday" ;;
  2) echo "Tuesday" ;;
  3) echo "Wednesday" ;;
  4) echo "Thursday" ;;
  5) echo "Friday" ;;
  6) echo "Saturday" ;;
  7) echo "Sunday" ;;
  *) echo "Invalid input! Please enter a number between 1 and 7." ;;
esac

User@DINUKA ~
$ chmod 777 ex4.sh

User@DINUKA ~
$ ./ex4.sh
Enter the number:
4
Thursday

User@DINUKA ~
$ touch app.sh

User@DINUKA ~
$ vi app.sh
E1187: Failed to source defaults.vim
Press ENTER or type command to continue

username="Mino"                         # Predefined correct username
echo "Enter the user name:"             # Prompt usert to enter the username
read name                               # Read entered username

# Check if entered username matches

if [[ "$username" != "$name" ]]; then
    echo "User name is incorrect"
else
    echo "User name is correct"
fi


User@DINUKA ~
$ chmod 777 app.sh

User@DINUKA ~
$ ./app.sh
Enter the user name:
Mino
User name is correct

User@DINUKA ~
$ touch ex6.sh

User@DINUKA ~
$ vi ex6.sh
E1187: Failed to source defaults.vim
Press ENTER or type command to continue

echo "Enter two numbers:"                # Promt user to enter numbers
read num1                                # Read number1
read num2                                # Read number2

# Check which number is greater

if [ "$num1" -gt "$num2" ]; then
    echo "$num1 is greater than $num2"
else
    echo "$num2 is greater than $num1"
fi

# Check which number is less

if [ "$num1" -lt "$num2" ]; then
    echo "$num1 is less than $num2"
else
    echo "$num2 is less than $num1"
fi
User@DINUKA ~
$ chmod 777 ex6.sh

User@DINUKA ~
$ ./ex6.sh
Enter two numbers:
65
90
90 is greater than 65
65 is less than 90
$ vi qu7.sh
E1187: Failed to source defaults.vim
Press ENTER or type command to continue

echo "Enter the first number:"
read num1                          # Read first number

echo "Enter the second number:"
read num2                          # Read second number

# Use expr for arithmetic operations
sum=$(expr $num1 + $num2)                       
sub=$(expr $num1 - $num2)  
div=$(expr $num1 / $num2)  
mul=$(expr $num1 * $num2)  

# Display results
echo "Summation:$sum"
echo "Subtraction:$sub"
echo "Division:$div"
echo "Multiplication:$mul"
User@DINUKA ~
$ chmod 777 qu7.sh

User@DINUKA ~
$ ./qu7.sh
Enter the first number:
78
Enter the second number:
45
expr: syntax error: unexpected argument ‘1’
Summation:123
Subtraction:33
Division:1
Multiplication:


